// Jest Snapshot v1, https://goo.gl/fbAQLP

exports[`rules type-enum empty 1`] = `
Array [
  true,
  "type must be one of [build, ci, docs, feat, fix, perf, refactor, revert, style, test]",
]
`;

exports[`rules type-enum filled 1`] = `
Array [
  true,
  "type must be one of [build, ci, docs, feat, fix, perf, refactor, revert, style, test]",
]
`;

exports[`rules type-enum simple 1`] = `
Array [
  true,
  "type must be one of [build, ci, docs, feat, fix, perf, refactor, revert, style, test]",
]
`;
